// Jest Snapshot v1, https://goo.gl/fbAQLP

exports[`functions cron posts matched rotations and updates onDuty fields of them 1`] = `
Array [
  Array [
    Object {
      "blocks": Array [
        Object {
          "text": Object {
            "text": "rotation-1 message
",
            "type": "mrkdwn",
            "verbatim": false,
          },
          "type": "section",
        },
        Object {
          "accessory": Object {
            "action_id": "overflow_menu",
            "options": Array [
              Object {
                "text": Object {
                  "emoji": true,
                  "text": "削除",
                  "type": "plain_text",
                },
                "value": "delete:rotation-1",
              },
            ],
            "type": "overflow",
          },
          "text": Object {
            "text": "👑 <@user-a|>→ <@user-b|>→<@user-c|>",
            "type": "mrkdwn",
            "verbatim": true,
          },
          "type": "section",
        },
      ],
      "channel": "channel-1",
      "text": "rotation-1 message",
      "token": "dummy-bot-token",
    },
  ],
  Array [
    Object {
      "blocks": Array [
        Object {
          "text": Object {
            "text": "rotation-2 message
",
            "type": "mrkdwn",
            "verbatim": false,
          },
          "type": "section",
        },
        Object {
          "accessory": Object {
            "action_id": "overflow_menu",
            "options": Array [
              Object {
                "text": Object {
                  "emoji": true,
                  "text": "削除",
                  "type": "plain_text",
                },
                "value": "delete:rotation-2",
              },
            ],
            "type": "overflow",
          },
          "text": Object {
            "text": "👑 <@user-q|>→<@user-p|>",
            "type": "mrkdwn",
            "verbatim": true,
          },
          "type": "section",
        },
      ],
      "channel": "channel-2",
      "text": "rotation-2 message",
      "token": "dummy-bot-token",
    },
  ],
]
`;
